
> backend-digisign@1.0.0 test
> jest __test__/services/signatureService.test.js

node.exe : [baseline-
browser-mapping] The 
data in this module 
is over two months 
old.  To ensure 
accurate Baseline 
data, please update: 
`npm i baseline-brows
er-mapping@latest -D`
At line:1 char:1
+ & "C:\Program Files
\nodejs/node.exe" 
"C:\Program 
Files\nodejs/node_mo 
...
+ ~~~~~~~~~~~~~~~~~~~
~~~~~~~~~~~~~~~~~~~~~
~~~~~~~~~~~~~~~~~~~~~
~~~~~~~~
    + CategoryInfo   
           : NotSpe  
  cified: ([baseli   
 ne-brows...ping@    
latest -D`:Strin    
g) [], RemoteExc    
eption
    + FullyQualified 
   ErrorId : Native  
  CommandError
 
  console.error
    [SignatureService] Gagal memproses tanda tangan: Error: PDF Error
        at Object.<anonymous> (C:\Users\DELL\Documents\Proyek 3 Final\Backend-DigiSign\__test__\services\signatureService.test.js:293:58)
        at Promise.finally.completed (C:\Users\DELL\Documents\Proyek 3 Final\Backend-DigiSign\node_modules\jest-circus\build\jestAdapterInit.js:1556:28)
        at new Promise (<anonymous>)
        at callAsyncCircusFn (C:\Users\DELL\Documents\Proyek 3 Final\Backend-DigiSign\node_modules\jest-circus\build\jestAdapterInit.js:1496:10)
        at _callCircusTest (C:\Users\DELL\Documents\Proyek 3 Final\Backend-DigiSign\node_modules\jest-circus\build\jestAdapterInit.js:1006:40)
        at processTicksAndRejections (node:internal/process/task_queues:105:5)
        at _runTest (C:\Users\DELL\Documents\Proyek 3 Final\Backend-DigiSign\node_modules\jest-circus\build\jestAdapterInit.js:946:3)
        at _runTestsForDescribeBlock (C:\Users\DELL\Documents\Proyek 3 Final\Backend-DigiSign\node_modules\jest-circus\build\jestAdapterInit.js:839:13)
        at _runTestsForDescribeBlock (C:\Users\DELL\Documents\Proyek 3 Final\Backend-DigiSign\node_modules\jest-circus\build\jestAdapterInit.js:829:11)
        at _runTestsForDescribeBlock (C:\Users\DELL\Documents\Proyek 3 Final\Backend-DigiSign\node_modules\jest-circus\build\jestAdapterInit.js:829:11)
        at run (C:\Users\DELL\Documents\Proyek 3 Final\Backend-DigiSign\node_modules\jest-circus\build\jestAdapterInit.js:757:3)
        at runAndTransformResultsToJestFormat (C:\Users\DELL\Documents\Proyek 3 Final\Backend-DigiSign\node_modules\jest-circus\build\jestAdapterInit.js:1917:21)
        at jestAdapter (C:\Users\DELL\Documents\Proyek 3 Final\Backend-DigiSign\node_modules\jest-circus\build\runner.js:101:19)
        at runTestInternal (C:\Users\DELL\Documents\Proyek 3 Final\Backend-DigiSign\node_modules\jest-runner\build\index.js:275:16)
        at runTest (C:\Users\DELL\Documents\Proyek 3 Final\Backend-DigiSign\node_modules\jest-runner\build\index.js:343:7)

    [0m [90m 128 |[39m       [36mreturn[39m result[33m;[39m
     [90m 129 |[39m     } [36mcatch[39m (processError) {
    [31m[1m>[22m[39m[90m 130 |[39m       console[33m.[39merror([32m"[SignatureService] Gagal memproses tanda tangan:"[39m[33m,[39m processError)[33m;[39m
     [90m     |[39m               [31m[1m^[22m[39m
     [90m 131 |[39m       [36mif[39m (newVersionId) {
     [90m 132 |[39m         [36mawait[39m [36mthis[39m[33m.[39mversionRepository[33m.[39mdeleteById(newVersionId)[33m.[39m[36mcatch[39m(() [33m=>[39m {})[33m;[39m
     [90m 133 |[39m       }[0m

      at SignatureService.error [as addPersonalSignature] (src/services/signatureService.js:130:15)
      at Object.<anonymous> (__test__/services/signatureService.test.js:296:7)

FAIL __test__/service
s/signatureService.te
st.js
  SignatureService
    
_checkVersionLimit
      ΓêÜ Harus skip 
check jika 
userService tidak 
tersedia (5 ms)
      ΓêÜ Harus 
throw error jika 
free user sudah 
mencapai batas 5 
versi (35 ms)
      ΓêÜ Harus 
throw error jika 
premium user sudah 
mencapai batas 20 
versi (1 ms)
      ΓêÜ Harus pass 
jika free user masih 
di bawah batas 5 
versi
      ΓêÜ Harus pass 
jika premium user 
masih di bawah batas 
20 versi (1 ms)
      ΓêÜ Harus 
include pesan 
upgrade untuk free 
user (2 ms)
    
addPersonalSignature
      ΓêÜ Harus 
throw DatabaseError 
jika gagal mengambil 
versi (2 ms)
      ΓêÜ Harus 
throw NotFound jika 
versi tidak 
ditemukan (1 ms)
      ΓêÜ Harus 
throw NotFound jika 
dokumen tidak 
ditemukan
      ΓêÜ Harus 
throw BadRequest 
jika dokumen sudah 
completed (1 ms)
      ΓêÜ Harus 
berhasil menambahkan 
signature dengan 
single object (3 ms)
      ΓêÜ Harus 
berhasil menambahkan 
signature dengan 
array (1 ms)
      ΓêÜ Harus 
menyimpan accessCode 
dari pdfService (1 
ms)
      ΓêÜ Harus 
gunakan 
displayQrCode true 
sebagai default (1 
ms)
      ΓêÜ Harus bisa 
override 
displayQrCode ke 
false (1 ms)
      ΓêÜ Harus log 
audit jika 
auditService 
tersedia (1 ms)
      ΓêÜ Harus 
tidak error jika 
auditService tidak 
tersedia (1 ms)
      ΓêÜ Harus 
cleanup versi baru 
jika proses gagal 
(49 ms)
      ΓêÜ Harus 
gunakan default 
name/email jika user 
tidak ditemukan (2 
ms)
      ΓêÜ Harus 
tidak simpan 
accessCode jika 
tidak ada (2 ms)
      ΓêÜ Harus 
bekerja tanpa prisma 
di 
signatureRepository 
(1 ms)
      ΓêÜ Harus 
gunakan default 
method canvas jika 
tidak disediakan (1 
ms)
    getVerificationDe
tails
      ΓêÜ Harus 
throw NotFound jika 
signature tidak 
ditemukan (1 ms)
      ΓêÜ Harus 
return locked status 
jika ada accessCode 
(1 ms)
      ΓêÜ Harus 
throw 
InternalServerError 
jika relasi tidak 
lengkap (1 ms)
      ΓêÜ Harus 
return full details 
jika tidak terkunci 
(1 ms)
      ΓêÜ Harus 
gunakan default 
documentTitle jika 
tidak ada
    
unlockVerification
      ΓêÜ Harus 
return null jika 
signature tidak 
ditemukan
      ΓêÜ Harus 
throw Forbidden jika 
dokumen sedang 
terkunci (locked) 
(12 ms)
      ΓêÜ Harus 
throw BadRequest 
jika PIN salah 
(masih ada sisa 
percobaan) (1 ms)
      ΓêÜ Harus 
throw Forbidden dan 
kunci dokumen 
setelah 3 kali salah 
(1 ms)
      ├ù Harus 
return data lengkap 
jika PIN benar (2 ms)
      ΓêÜ Harus 
reset counter jika 
PIN benar setelah 
percobaan gagal 
sebelumnya
      ΓêÜ Harus 
return null jika 
tidak ada accessCode 
(open document) (1 
ms)
      ΓêÜ Harus 
tidak reset counter 
jika retryCount 
adalah 0 (1 ms)
      ΓêÜ Harus 
reset lockedUntil 
jika sebelumnya ada 
dan PIN benar (1 ms)
    
verifyUploadedFile
      ΓêÜ Harus 
throw NotFound jika 
signature tidak 
ditemukan (1 ms)
      ΓêÜ Harus 
throw 
InternalServerError 
jika hash tidak 
tersedia (1 ms)
      ΓêÜ Harus 
return VALID jika 
hash cocok (2 ms)
      ΓêÜ Harus 
return INVALID jika 
hash tidak cocok (1 
ms)
      ΓêÜ Harus 
include semua detail 
dalam response (1 ms)
      ΓêÜ Harus 
gunakan default 
ipAddress jika tidak 
ada

  ΓùÅ 
SignatureService ΓÇ║ 
unlockVerification 
ΓÇ║ Harus return 
data lengkap jika 
PIN benar

    expect(received).
toBe(expected) // 
Object.is equality

    Expected: "John 
Doe"
    Received: null

    [0m [90m 517 
|[39m       
[36mconst[39m 
result [33m=[39m 
[36mawait[39m servi
ce[33m.[39munlockVe
rification([32m"sig-
123"[39m[33m,[39m 
[32m"123456"[39m)[
33m;[39m
     [90m 518 |[39m
    [31m[1m>[22m[
39m[90m 519 |[39m  
     expect(result[3
3m.[39msignerName)[
33m.[39mtoBe([32m"J
ohn 
Doe"[39m)[33m;[39m
     [90m     
|[39m               
                  
[31m[1m^[22m[39m
     [90m 520 
|[39m       expect(r
esult[33m.[39misLoc
ked)[33m.[39mtoBe(
[36mfalse[39m)[33m;
[39m
     [90m 521 
|[39m       expect(r
esult[33m.[39mrequi
reUpload)[33m.[39mt
oBe([36mtrue[39m)[
33m;[39m
     [90m 522 
|[39m     
})[33m;[39m[0m

      at Object.toBe 
(__test__/services/si
gnatureService.test.j
s:519:33)

------------------------------|---------|----------|---------|---------|-------------------
File                          | % Stmts | % Branch | % Funcs | % Lines | Uncovered Line #s 
------------------------------|---------|----------|---------|---------|-------------------
All files                     |    5.22 |     6.14 |    3.11 |    5.17 |                   
 controllers                  |       0 |        0 |       0 |       0 |                   
  adminController.js          |       0 |        0 |       0 |       0 | 8-276             
  authController.js           |       0 |        0 |       0 |       0 | 9-220             
  dashboardController.js      |       0 |        0 |       0 |       0 | 9-42              
  documentController.js       |       0 |        0 |       0 |       0 | 12-408            
  groupController.js          |       0 |        0 |       0 |       0 | 10-399            
  groupSignatureController.js |       0 |        0 |       0 |       0 | 6-302             
  historyController.js        |       0 |        0 |       0 |       0 | 7-36              
  packageController.js        |       0 |        0 |       0 |       0 | 9-119             
  paymentController.js        |       0 |        0 |       0 |       0 | 4-116             
  signatureController.js      |       0 |        0 |       0 |       0 | 8-339             
  userController.js           |       0 |        0 |       0 |       0 | 10-232            
 services                     |     7.3 |     7.78 |    4.92 |    7.33 |                   
  adminService.js             |       0 |        0 |       0 |       0 | 3-99              
  aiService.js                |       0 |        0 |       0 |       0 | 4-69              
  auditService.js             |       0 |        0 |       0 |       0 | 3-29              
  authService.js              |       0 |        0 |       0 |       0 | 16-109            
  dashboardService.js         |       0 |        0 |       0 |       0 | 3-204             
  documentService.js          |       0 |        0 |       0 |       0 | 21-427            
  groupService.js             |       0 |        0 |       0 |       0 | 29-812            
  groupSignatureService.js    |       0 |        0 |       0 |       0 | 14-301            
  historyService.js           |       0 |        0 |       0 |       0 | 14-69             
  packageService.js           |       0 |        0 |       0 |       0 | 15-336            
  paymentService.js           |       0 |        0 |       0 |       0 | 9-279             
  pdfService.js               |       0 |        0 |       0 |       0 | 4-247             
  signatureService.js         |      97 |    88.23 |    87.5 |   96.73 | 152,257-258       
  userService.js              |       0 |        0 |       0 |       0 | 7-251             
------------------------------|---------|----------|---------|---------|-------------------
Test Suites: 1 
failed, 1 total
Tests:       1 
failed, 41 passed, 
42 total
Snapshots:   0 total
Time:        4.136 s
Ran all test suites 
matching __test__/ser
vices/signatureServic
e.test.js.
